I'm sorry, but errors were detected in your script. Please correct the
errors listed below, and try again.


File "game/screens.rpy", line 300: invalid syntax
    def show_leaderboard()
    

Ren'Py Version: Ren'Py 7.1.1.929
Sun Dec 23 15:56:04 2018
